// Jest Snapshot v1, https://goo.gl/fbAQLP

exports[`BackButtonView render corectly 1`] = `
<button
  className="sc-AxjAm cOdxoW"
  onClick={[MockFunction]}
>
  <i
    className="sc-AxirZ iyWABq"
  />
  Voltar
</button>
`;
