// Jest Snapshot v1, https://goo.gl/fbAQLP

exports[`HeadingsView renders correctly 1`] = `
<h1
  className="sc-AxjAm dwydzm"
>
  Title
</h1>
`;
